// Vitest Snapshot v1, https://vitest.dev/guide/snapshot.html

exports[`poser questions usecase > returns a list of suggestions 1`] = `
{
  "aideId": Any<String>,
  "eligibilite": Any<Number>,
}
`;

exports[`poser questions usecase > returns a list of suggestions 2`] = `
{
  "aideId": Any<String>,
  "eligibilite": Any<Number>,
}
`;

exports[`poser questions usecase > returns a list of suggestions 3`] = `
{
  "aideId": Any<String>,
  "eligibilite": Any<Number>,
}
`;
